// Jest Snapshot v1, https://goo.gl/fbAQLP

exports[`Like テスト render 1`] = `
<DocumentFragment>
  <button
    class="sc-bdvvtL caPMGC"
    data-testid="like"
  >
    0
  </button>
</DocumentFragment>
`;
